<html>
<body>
<pre>
<h1>礦ision Build Log</h1>
<h2>Project:</h2>
D:\1.Work\大功率版本底盘\全向轮底盘\高配版全向轮小车\高配版全向轮小车附送资料\3.串口发送指令例程\USER\Minibalance.uvproj
Project File Date:  12/30/2016

<h2>Output:</h2>
Build target 'Target 1'
compiling Minibalance.c...
Minibalance.c(32): warning:  #177-D: variable "i" was declared but never referenced
         float i;
Minibalance.c: 1 warning, 0 errors
linking...
Program Size: Code=5760 RO-data=268 RW-data=172 ZI-data=1652  
FromELF: creating hex file...
"..\OBJ\Minibalance.axf" - 0 Error(s), 1 Warning(s).
</pre>
</body>
</html>
